main.c:127:5:int12ToFloat	24	static
main.c:134:6:startShooting	8	static
main.c:140:6:stopShooting	8	static
main.c:146:6:aimMode	432	static
main.c:242:6:set_motors	16	static
main.c:253:6:turn_motors	24	static
main.c:278:6:pin_set_input	40	static
main.c:287:6:pin_set_output	40	static
main.c:296:6:setup_sensors	16	static
main.c:304:6:set_sensors_input	16	static
main.c:310:6:read_reflectance_sensors	24	static
main.c:332:10:read_position	24	static
main.c:359:6:follow_line_big_robot	32	static
main.c:398:6:lineFollowingMode	16	static
main.c:421:5:main	64	static
main.c:523:6:SystemClock_Config	96	static
main.c:566:13:MX_I2C1_Init	8	static
main.c:612:13:MX_LPUART1_UART_Init	8	static
main.c:660:13:MX_TIM1_Init	112	static
main.c:744:13:MX_TIM2_Init	64	static
main.c:803:13:MX_TIM3_Init	64	static
main.c:862:13:MX_TIM4_Init	64	static
main.c:921:13:MX_TIM5_Init	56	static
main.c:979:13:MX_GPIO_Init	64	static
main.c:1203:1:__io_putchar	16	static
main.c:1215:6:Error_Handler	4	static,ignoring_inline_asm
