main.c:129:5:int12ToFloat	24	static
main.c:136:6:startShooting	8	static
main.c:142:6:stopShooting	8	static
main.c:149:6:aimMode	440	static
main.c:255:6:turnAround	16	static
main.c:338:6:lineFollowingMode	24	static
main.c:438:5:main	64	static
main.c:544:6:SystemClock_Config	96	static
main.c:587:13:MX_I2C1_Init	8	static
main.c:633:13:MX_LPUART1_UART_Init	8	static
main.c:681:13:MX_USART2_UART_Init	8	static
main.c:729:13:MX_TIM1_Init	112	static
main.c:813:13:MX_TIM2_Init	64	static
main.c:872:13:MX_TIM3_Init	64	static
main.c:931:13:MX_TIM4_Init	64	static
main.c:990:13:MX_GPIO_Init	64	static
main.c:1184:1:__io_putchar	16	static
main.c:1190:6:HAL_UART_RxCpltCallback	16	static
main.c:1207:6:Error_Handler	4	static,ignoring_inline_asm
